<!doctype html public "-//w3c//dtd html 4.0 transitional//en">
<html><head>
<title>Static Call Graph - [.\Objects\TestProject.axf]</title></head>
<body><HR>
<H1>Static Call Graph for image .\Objects\TestProject.axf</H1><HR>
<BR><P>#&#060CALLGRAPH&#062# ARM Linker, 5060020: Last Updated: Sat Nov 04 15:36:12 2017
<BR><P>
<H3>Maximum Stack Usage =          0 bytes + Unknown(Functions without stacksize, Untraceable Function Pointers)</H3><H3>
Call chain for Maximum Stack Depth:</H3>

<P>
<H3>
Functions with no stack information
</H3><UL>
 <LI><a href="#[1]">reset_handler</a>
</UL>
</UL>
<P>
<H3>
Function Pointers
</H3><UL>
 <LI><a href="#[1]">reset_handler</a> from source1.o(program_code) referenced from source1.o(vector_table)
</UL>
<P>
<H3>
Global Symbols
</H3><P>
<H3>
Local Symbols
</H3>
<P><STRONG><a name="[1]"></a>reset_handler</STRONG> (Thumb, 0 bytes, Stack size unknown bytes, source1.o(program_code))
<P>
<H3>
Undefined Global Symbols
</H3><HR></body></html>
