Component: ARM Compiler 5.06 (build 20) Tool: armlink [4d35a3]

==============================================================================

Section Cross References

    source1.o(vector_table) refers to source1.o(program_code) for reset_handler
    source1.o(program_code) refers to source1.o(program_data) for byte_tab


==============================================================================

Image Symbol Table

    Local Symbols

    Symbol Name                              Value     Ov Type        Size  Object(Section)

    Source1.s                                0x00000000   Number         0  source1.o ABSOLUTE
    vector_table                             0x20000000   Section        8  source1.o(vector_table)
    program_code                             0x20000008   Section       28  source1.o(program_code)
    $v0                                      0x20000008   Number         0  source1.o(program_code)
    reset_handler                            0x20000009   Thumb Code     0  source1.o(program_code)
    program_data                             0x20008000   Section       12  source1.o(program_data)
    byte_tab                                 0x20008000   Data           8  source1.o(program_data)

    Global Symbols

    Symbol Name                              Value     Ov Type        Size  Object(Section)

    BuildAttributes$$THM_ISAv4$E$P$D$K$B$S$7EM$VFPi3$EXTD16$VFPS$VFMA$PE$A:L22UL41UL21$X:L11$S22US41US21$IEEE1$IW$USESV6$~STKCKD$USESV7$~SHL$OSPACE$EBA8$STANDARDLIB$PRES8$EABIv2 0x00000000   Number         0  anon$$obj.o ABSOLUTE



==============================================================================

Memory Map of the image

  Image Entry point : 0x20000009

  Load Region LOAD_REGION1 (Base: 0x20000000, Size: 0x00000024, Max: 0x00008000, ABSOLUTE)

    Execution Region EXEC (Base: 0x20000000, Size: 0x00000024, Max: 0x00007fff, ABSOLUTE)

    Base Addr    Size         Type   Attr      Idx    E Section Name        Object

    0x20000000   0x00000008   Data   RO            1    vector_table        source1.o
    0x20000008   0x0000001c   Code   RO            3  * program_code        source1.o



  Load Region LOAD_REGION2 (Base: 0x20008000, Size: 0x0000000c, Max: 0x0000ffff, ABSOLUTE)

    Execution Region RW_DATA (Base: 0x20008000, Size: 0x0000000c, Max: 0x0000ffff, ABSOLUTE)

    Base Addr    Size         Type   Attr      Idx    E Section Name        Object

    0x20008000   0x0000000c   Data   RW            2    program_data        source1.o


==============================================================================

Image component sizes


      Code (inc. data)   RO Data    RW Data    ZI Data      Debug   Object Name

        28          6          8         12          0        280   source1.o

    ----------------------------------------------------------------------
        28          6          8         12          0        280   Object Totals
         0          0          0          0          0          0   (incl. Generated)
         0          0          0          0          0          0   (incl. Padding)

    ----------------------------------------------------------------------
         0          0          0          0          0          0   Library Totals
         0          0          0          0          0          0   (incl. Padding)

    ----------------------------------------------------------------------

==============================================================================


      Code (inc. data)   RO Data    RW Data    ZI Data      Debug   

        28          6          8         12          0        280   Grand Totals
        28          6          8         12          0        280   ELF Image Totals
        28          6          8         12          0          0   ROM Totals

==============================================================================

    Total RO  Size (Code + RO Data)                   36 (   0.04kB)
    Total RW  Size (RW Data + ZI Data)                12 (   0.01kB)
    Total ROM Size (Code + RO Data + RW Data)         48 (   0.05kB)

==============================================================================

